 running on    1 nodes
 distr:  one band on    1 nodes,    1 groups
 vasp.5.2.2 15Apr09 complex 
 POSCAR found type information on POSCAR  Ga Bi As
 POSCAR found :  3 types and    7 ions
 LDA part: xc-table for Pade appr. of Perdew
 POSCAR, INCAR and KPOINTS ok, starting setup
 WARNING: small aliasing (wrap around) errors must be expected
 FFT: planning ...(           3 )
 reading WAVECAR
 entering main loop
       N       E                     dE             d eps       ncg     rms          rms(c)
DAV:   1     0.551367789463E+03    0.55137E+03   -0.24184E+04   415   0.178E+03
DAV:   2     0.598847611816E+02   -0.49148E+03   -0.47650E+03   360   0.484E+02
DAV:   3    -0.208250033115E+02   -0.80710E+02   -0.79576E+02   417   0.163E+02
DAV:   4    -0.246647130663E+02   -0.38397E+01   -0.38206E+01   416   0.420E+01
DAV:   5    -0.247481020111E+02   -0.83389E-01   -0.83350E-01   520   0.568E+00    0.127E+01
DAV:   6    -0.251678831662E+02   -0.41978E+00   -0.10457E+00   438   0.925E+00    0.495E+00
DAV:   7    -0.253103264162E+02   -0.14244E+00   -0.32989E-01   456   0.444E+00    0.176E+00
DAV:   8    -0.252962102733E+02    0.14116E-01   -0.10428E-01   422   0.154E+00    0.734E-01
DAV:   9    -0.252988889830E+02   -0.26787E-02   -0.25741E-02   419   0.731E-01    0.259E-01
DAV:  10    -0.252996510013E+02   -0.76202E-03   -0.36250E-03   435   0.409E-01    0.960E-02
DAV:  11    -0.252998929124E+02   -0.24191E-03   -0.67681E-04   371   0.186E-01    0.450E-02
DAV:  12    -0.252999793305E+02   -0.86418E-04   -0.21982E-04   336   0.927E-02
   1 F= -.25299979E+02 E0= -.25304594E+02  d E =-.253000E+02  mag=     1.1095
 curvature:   0.00 expect dE= 0.000E+00 dE for cont linesearch  0.000E+00
 trial: gam= 0.00000 g(F)=  0.142E+01 g(S)=  0.000E+00 ort = 0.000E+00 (trialstep = 0.100E+01)
 search vector abs. value=  0.142E+01
 bond charge predicted
       N       E                     dE             d eps       ncg     rms          rms(c)
DAV:   1    -0.253051359587E+02   -0.52430E-02   -0.39080E+02   470   0.124E+02    0.109E+00
DAV:   2    -0.261889439261E+02   -0.88381E+00   -0.89294E+00   400   0.194E+01    0.584E-01
DAV:   3    -0.261979983420E+02   -0.90544E-02   -0.13281E-01   467   0.218E+00    0.363E-01
DAV:   4    -0.261975284705E+02    0.46987E-03   -0.73384E-03   440   0.476E-01    0.143E-01
DAV:   5    -0.261977914332E+02   -0.26296E-03   -0.14170E-03   390   0.198E-01    0.582E-02
DAV:   6    -0.261978208189E+02   -0.29386E-04   -0.13231E-04   304   0.748E-02
   2 F= -.26197821E+02 E0= -.26197801E+02  d E =-.897841E+00  mag=     0.9269
 trial-energy change:   -0.897841  1 .order   -0.941368   -1.419721   -0.463015
 step:   2.3124(harm=  1.4840)  dis= 0.15677  next Energy=   -26.403260 (dE=-0.110E+01)
 bond charge predicted
       N       E                     dE             d eps       ncg     rms          rms(c)
DAV:   1    -0.243038780082E+02    0.18939E+01   -0.75166E+02   476   0.199E+02    0.152E+00
DAV:   2    -0.263349254819E+02   -0.20310E+01   -0.20511E+01   400   0.290E+01    0.697E-01
DAV:   3    -0.263560960235E+02   -0.21171E-01   -0.25301E-01   419   0.329E+00    0.438E-01
DAV:   4    -0.263582751581E+02   -0.21791E-02   -0.16407E-02   512   0.864E-01    0.214E-01
DAV:   5    -0.263597181260E+02   -0.14430E-02   -0.34883E-03   395   0.323E-01    0.909E-02
DAV:   6    -0.263601419318E+02   -0.42381E-03   -0.67822E-04   376   0.151E-01    0.462E-02
DAV:   7    -0.263602144923E+02   -0.72561E-04   -0.13238E-04   262   0.617E-02
   3 F= -.26360214E+02 E0= -.26359051E+02  d E =-.106024E+01  mag=     0.0411
 curvature:   1.43 expect dE= 0.428E+00 dE for cont linesearch  0.263E-01
 ZBRENT: interpolating
 opt :   1.9729  next Energy=   -26.387641 (dE=-0.109E+01)
 bond charge predicted
       N       E                     dE             d eps       ncg     rms          rms(c)
DAV:   1    -0.263186365172E+02    0.41505E-01   -0.39269E+01   406   0.302E+01    0.388E-01
DAV:   2    -0.263928844968E+02   -0.74248E-01   -0.76049E-01   432   0.449E+00    0.184E-01
DAV:   3    -0.263928077976E+02    0.76699E-04   -0.78444E-03   438   0.518E-01    0.112E-01
DAV:   4    -0.263927101358E+02    0.97662E-04   -0.10017E-03   448   0.177E-01    0.495E-02
DAV:   5    -0.263927452431E+02   -0.35107E-04   -0.22149E-04   292   0.954E-02
   4 F= -.26392745E+02 E0= -.26390443E+02  d E =-.109277E+01  mag=     0.0074
 curvature:  -1.49 expect dE=-0.321E+00 dE for cont linesearch -0.862E-03
 trial: gam= 0.17177 g(F)=  0.215E+00 g(S)=  0.000E+00 ort =-0.286E-01 (trialstep = 0.119E+01)
 search vector abs. value=  0.247E+00
 bond charge predicted
       N       E                     dE             d eps       ncg     rms          rms(c)
DAV:   1    -0.264277084477E+02   -0.34998E-01   -0.47327E+01   390   0.226E+01    0.531E-01
DAV:   2    -0.266153259682E+02   -0.18762E+00   -0.19421E+00   448   0.547E+00    0.297E-01
DAV:   3    -0.266154344231E+02   -0.10845E-03   -0.18316E-02   438   0.696E-01    0.198E-01
DAV:   4    -0.266149864210E+02    0.44800E-03   -0.44236E-03   400   0.371E-01    0.546E-02
DAV:   5    -0.266150484404E+02   -0.62019E-04   -0.68773E-04   342   0.149E-01
   5 F= -.26615048E+02 E0= -.26610784E+02  d E =-.222303E+00  mag=     0.0022
 ZBRENT: can't locate minimum, use default step
 trial-energy change:   -0.222303  1 .order   -0.222205   -0.251224   -0.193187
 step:   4.7783(harm=  5.1709)  dis= 0.14742  next Energy=   -26.936477 (dE=-0.544E+00)
 bond charge predicted
       N       E                     dE             d eps       ncg     rms          rms(c)
DAV:   1    -0.253566670124E+02    0.12583E+01   -0.59402E+02   422   0.109E+02    0.166E+00
DAV:   2    -0.269156239474E+02   -0.15590E+01   -0.15917E+01   416   0.172E+01    0.714E-01
DAV:   3    -0.269318734566E+02   -0.16250E-01   -0.30900E-01   438   0.301E+00    0.488E-01
DAV:   4    -0.269305282673E+02    0.13452E-02   -0.23027E-02   464   0.751E-01    0.199E-01
DAV:   5    -0.269310083500E+02   -0.48008E-03   -0.32015E-03   464   0.303E-01    0.677E-02
DAV:   6    -0.269311063100E+02   -0.97960E-04   -0.40859E-04   352   0.128E-01
   6 F= -.26931106E+02 E0= -.26918579E+02  d E =-.538361E+00  mag=     0.0034
 curvature:  -3.01 expect dE=-0.116E+00 dE for cont linesearch -0.913E-03
 trial: gam= 0.17321 g(F)=  0.386E-01 g(S)=  0.000E+00 ort = 0.866E-02 (trialstep = 0.191E+01)
 search vector abs. value=  0.490E-01
 bond charge predicted
       N       E                     dE             d eps       ncg     rms          rms(c)
DAV:   1    -0.268584306277E+02    0.72578E-01   -0.33108E+01   390   0.203E+01    0.481E-01
DAV:   2    -0.269814455482E+02   -0.12301E+00   -0.12603E+00   432   0.450E+00    0.240E-01
DAV:   3    -0.269813848261E+02    0.60722E-04   -0.11960E-02   496   0.553E-01    0.158E-01
DAV:   4    -0.269810264174E+02    0.35841E-03   -0.27470E-03   400   0.305E-01    0.464E-02
DAV:   5    -0.269810797860E+02   -0.53369E-04   -0.43994E-04   368   0.119E-01
   7 F= -.26981080E+02 E0= -.26967933E+02  d E =-.499735E-01  mag=     0.0054
 trial-energy change:   -0.049973  1 .order   -0.048845   -0.076699   -0.020992
 step:   2.5317(harm=  2.6315)  dis= 0.03825  next Energy=   -26.984525 (dE=-0.534E-01)
 bond charge predicted
       N       E                     dE             d eps       ncg     rms          rms(c)
DAV:   1    -0.269746981326E+02    0.63283E-02   -0.34262E+00   380   0.625E+00    0.154E-01
DAV:   2    -0.269851082696E+02   -0.10410E-01   -0.10756E-01   432   0.143E+00    0.765E-02
DAV:   3    -0.269851231101E+02   -0.14840E-04   -0.11791E-03   422   0.171E-01    0.501E-02
DAV:   4    -0.269850986986E+02    0.24412E-04   -0.26306E-04   336   0.992E-02
   8 F= -.26985099E+02 E0= -.26971142E+02  d E =-.539924E-01  mag=     0.0080
 curvature:  -1.58 expect dE=-0.198E-01 dE for cont linesearch -0.437E-04
 trial: gam= 0.25273 g(F)=  0.125E-01 g(S)=  0.000E+00 ort = 0.117E-02 (trialstep = 0.204E+01)
 search vector abs. value=  0.163E-01
 bond charge predicted
       N       E                     dE             d eps       ncg     rms          rms(c)
DAV:   1    -0.269624250566E+02    0.22698E-01   -0.15198E+01   406   0.149E+01    0.261E-01
DAV:   2    -0.270078714010E+02   -0.45446E-01   -0.46721E-01   448   0.289E+00    0.150E-01
DAV:   3    -0.270079565825E+02   -0.85182E-04   -0.39588E-03   464   0.326E-01    0.103E-01
DAV:   4    -0.270078601223E+02    0.96460E-04   -0.13576E-03   390   0.207E-01    0.234E-02
DAV:   5    -0.270078723242E+02   -0.12202E-04   -0.10507E-04   236   0.628E-02
   9 F= -.27007872E+02 E0= -.26995200E+02  d E =-.227736E-01  mag=     0.0128
 trial-energy change:   -0.022774  1 .order   -0.022168   -0.026104   -0.018233
 step:   4.3969(harm=  6.7506)  dis= 0.02888  next Energy=   -27.019395 (dE=-0.343E-01)
 bond charge predicted
       N       E                     dE             d eps       ncg     rms          rms(c)
DAV:   1    -0.269613743033E+02    0.46486E-01   -0.20522E+01   390   0.174E+01    0.302E-01
DAV:   2    -0.270244832265E+02   -0.63109E-01   -0.64679E-01   448   0.335E+00    0.172E-01
DAV:   3    -0.270246145679E+02   -0.13134E-03   -0.54356E-03   480   0.377E-01    0.119E-01
DAV:   4    -0.270244899212E+02    0.12465E-03   -0.18084E-03   390   0.239E-01    0.272E-02
DAV:   5    -0.270245074392E+02   -0.17518E-04   -0.14869E-04   288   0.730E-02
  10 F= -.27024507E+02 E0= -.27013460E+02  d E =-.394087E-01  mag=     0.0193
 curvature:  -3.21 expect dE=-0.126E-01 dE for cont linesearch -0.386E-02
 ZBRENT: increasing intervall
 opt :   9.1200  next Energy=   -27.023944 (dE=-0.388E-01)
 bond charge predicted
       N       E                     dE             d eps       ncg     rms          rms(c)
DAV:   1    -0.268591171822E+02    0.16537E+00   -0.86897E+01   406   0.380E+01    0.432E-01
DAV:   2    -0.270185925727E+02   -0.15948E+00   -0.16164E+00   416   0.586E+00    0.221E-01
DAV:   3    -0.270242695809E+02   -0.56770E-02   -0.61021E-02   480   0.993E-01    0.156E-01
DAV:   4    -0.270242377778E+02    0.31803E-04   -0.14115E-03   384   0.206E-01    0.422E-02
DAV:   5    -0.270242995982E+02   -0.61820E-04   -0.30907E-04   368   0.911E-02
  11 F= -.27024300E+02 E0= -.27016725E+02  d E =-.392009E-01  mag=     0.0231
 curvature:   0.47 expect dE= 0.584E-02 dE for cont linesearch  0.818E-03
 trial: gam= 0.00000 g(F)=  0.124E-01 g(S)=  0.000E+00 ort =-0.532E-02 (trialstep = 0.345E+01)
 search vector abs. value=  0.124E-01
 bond charge predicted
       N       E                     dE             d eps       ncg     rms          rms(c)
DAV:   1    -0.270019341842E+02    0.22304E-01   -0.32350E+01   422   0.278E+01    0.280E-01
DAV:   2    -0.270438118697E+02   -0.41878E-01   -0.43026E-01   432   0.383E+00    0.134E-01
DAV:   3    -0.270438845926E+02   -0.72723E-04   -0.45482E-03   438   0.440E-01    0.845E-02
DAV:   4    -0.270438213466E+02    0.63246E-04   -0.76559E-04   368   0.192E-01
  12 F= -.27043821E+02 E0= -.27037330E+02  d E =-.195217E-01  mag=     0.0173
 trial-energy change:   -0.019522  1 .order   -0.019297   -0.042963    0.004369
 step:   3.1336(harm=  3.1336)  dis= 0.02196  next Energy=   -27.043798 (dE=-0.195E-01)
 bond charge predicted
       N       E                     dE             d eps       ncg     rms          rms(c)
DAV:   1    -0.270436688594E+02    0.21573E-03   -0.27077E-01   412   0.243E+00    0.205E-02
DAV:   2    -0.270439346395E+02   -0.26578E-03   -0.27046E-03   432   0.318E-01    0.113E-02
DAV:   3    -0.270439342875E+02    0.35202E-06   -0.27486E-05   180   0.364E-02
  13 F= -.27043934E+02 E0= -.27037362E+02  d E =-.196347E-01  mag=     0.0141
 curvature:  -1.57 expect dE=-0.147E-02 dE for cont linesearch -0.496E-04
 trial: gam= 0.02509 g(F)=  0.940E-03 g(S)=  0.000E+00 ort = 0.628E-03 (trialstep = 0.339E+01)
 search vector abs. value=  0.979E-03
 bond charge predicted
       N       E                     dE             d eps       ncg     rms          rms(c)
DAV:   1    -0.270419008180E+02    0.20338E-02   -0.14894E+00   380   0.537E+00    0.921E-02
DAV:   2    -0.270453373479E+02   -0.34365E-02   -0.35569E-02   448   0.942E-01    0.445E-02
DAV:   3    -0.270453393573E+02   -0.20094E-05   -0.41668E-04   358   0.110E-01
  14 F= -.27045339E+02 E0= -.27039612E+02  d E =-.140507E-02  mag=     0.0107
 trial-energy change:   -0.001405  1 .order   -0.001382   -0.003238    0.000475
 step:   2.9550(harm=  2.9550)  dis= 0.00592  next Energy=   -27.045346 (dE=-0.141E-02)
 bond charge predicted
       N       E                     dE             d eps       ncg     rms          rms(c)
DAV:   1    -0.270452684697E+02    0.68878E-04   -0.24634E-02   380   0.696E-01    0.135E-02
DAV:   2    -0.270453375577E+02   -0.69088E-04   -0.70292E-04   360   0.138E-01
  15 F= -.27045338E+02 E0= -.27039486E+02  d E =-.140327E-02  mag=     0.0094
 curvature:  -1.51 expect dE=-0.365E-03 dE for cont linesearch -0.341E-04
 trial: gam= 0.11128 g(F)=  0.241E-03 g(S)=  0.000E+00 ort = 0.149E-03 (trialstep = 0.330E+01)
 search vector abs. value=  0.287E-03
 reached required accuracy - stopping structural energy minimisation
