 running on    1 nodes
 distr:  one band on    1 nodes,    1 groups
 vasp.5.2.2 15Apr09 complex 
 POSCAR found type information on POSCAR  Ga As
 POSCAR found :  2 types and    8 ions
 LDA part: xc-table for Pade appr. of Perdew
 POSCAR, INCAR and KPOINTS ok, starting setup
 WARNING: small aliasing (wrap around) errors must be expected
 FFT: planning ...(           3 )
 reading WAVECAR
 entering main loop
       N       E                     dE             d eps       ncg     rms          rms(c)
DAV:   1     0.425210739392E+03    0.42521E+03   -0.20627E+04   180   0.168E+03
DAV:   2     0.317845383266E+02   -0.39343E+03   -0.37681E+03   164   0.463E+02
DAV:   3    -0.327142709033E+02   -0.64499E+02   -0.63037E+02   207   0.142E+02
DAV:   4    -0.356452546096E+02   -0.29310E+01   -0.29205E+01   200   0.355E+01
DAV:   5    -0.356999628781E+02   -0.54708E-01   -0.54689E-01   200   0.469E+00BRMIX: very serious problems
 the old and the new charge density differ
 old charge density:    64.00000 new   62.99990
    0.127E+01
DAV:   6    -0.365233253659E+02   -0.82336E+00   -0.12852E+00   216   0.106E+01    0.491E+00
DAV:   7    -0.366533525649E+02   -0.13003E+00   -0.38576E-01   232   0.457E+00    0.197E+00
DAV:   8    -0.366352129120E+02    0.18140E-01   -0.10593E-01   184   0.136E+00    0.769E-01
DAV:   9    -0.366391503432E+02   -0.39374E-02   -0.23923E-02   175   0.727E-01    0.272E-01
DAV:  10    -0.366400093951E+02   -0.85905E-03   -0.26788E-03   240   0.387E-01    0.103E-01
DAV:  11    -0.366404562156E+02   -0.44682E-03   -0.71249E-04   175   0.172E-01    0.481E-02
DAV:  12    -0.366406864703E+02   -0.23025E-03   -0.25932E-04   152   0.959E-02    0.246E-02
DAV:  13    -0.366407687617E+02   -0.82291E-04   -0.73866E-05   102   0.395E-02
   1 F= -.36640769E+02 E0= -.36624970E+02  d E =-.366408E+02  mag=     0.3773
 curvature:   0.00 expect dE= 0.000E+00 dE for cont linesearch  0.000E+00
 trial: gam= 0.00000 g(F)=  0.679E-01 g(S)=  0.000E+00 ort = 0.000E+00 (trialstep = 0.100E+01)
 search vector abs. value=  0.679E-01
 bond charge predicted
       N       E                     dE             d eps       ncg     rms          rms(c)
DAV:   1    -0.366789106464E+02   -0.38224E-01   -0.13369E+00   168   0.374E+00    0.224E-01
DAV:   2    -0.366890131207E+02   -0.10102E-01   -0.10907E-01   198   0.120E+00    0.119E-01
DAV:   3    -0.366888728696E+02    0.14025E-03   -0.15314E-03   200   0.240E-01    0.769E-02
DAV:   4    -0.366888245630E+02    0.48307E-04   -0.37195E-04   164   0.112E-01
   2 F= -.36688825E+02 E0= -.36672335E+02  d E =-.480558E-01  mag=     0.3371
 trial-energy change:   -0.048056  1 .order   -0.048106   -0.067884   -0.028328
 step:   1.7162(harm=  1.7162)  dis= 0.02835  next Energy=   -36.699018 (dE=-0.582E-01)
 bond charge predicted
       N       E                     dE             d eps       ncg     rms          rms(c)
DAV:   1    -0.366943810838E+02   -0.55082E-02   -0.69300E-01   168   0.268E+00    0.162E-01
DAV:   2    -0.366994324613E+02   -0.50514E-02   -0.54490E-02   198   0.855E-01    0.879E-02
DAV:   3    -0.366993759528E+02    0.56508E-04   -0.77000E-04   184   0.170E-01
   3 F= -.36699376E+02 E0= -.36682675E+02  d E =-.586072E-01  mag=     0.3224
 curvature:  -0.86 expect dE=-0.214E-04 dE for cont linesearch -0.214E-04
 trial: gam=-0.01880 g(F)=  0.249E-04 g(S)=  0.000E+00 ort = 0.130E-02 (trialstep = 0.114E+01)
 search vector abs. value=  0.926E-08
 reached required accuracy - stopping structural energy minimisation
