 running on    1 nodes
 distr:  one band on    1 nodes,    1 groups
 vasp.5.2.2 15Apr09 complex 
 POSCAR found type information on POSCAR  Ga As
 POSCAR found :  2 types and    7 ions
 LDA part: xc-table for Pade appr. of Perdew
 POSCAR, INCAR and KPOINTS ok, starting setup
 WARNING: small aliasing (wrap around) errors must be expected
 FFT: planning ...(           3 )
 reading WAVECAR
 entering main loop
       N       E                     dE             d eps       ncg     rms          rms(c)
DAV:   1     0.446489834768E+03    0.44649E+03   -0.20744E+04   176   0.170E+03
DAV:   2     0.465915411706E+02   -0.39990E+03   -0.38106E+03   176   0.485E+02
DAV:   3    -0.188040822859E+02   -0.65396E+02   -0.64407E+02   192   0.147E+02
DAV:   4    -0.219114753178E+02   -0.31074E+01   -0.31008E+01   192   0.383E+01
DAV:   5    -0.219652564256E+02   -0.53781E-01   -0.53768E-01   176   0.479E+00BRMIX: very serious problems
 the old and the new charge density differ
 old charge density:    59.00000 new   60.99990
    0.126E+01
DAV:   6    -0.219595623030E+02    0.56941E-02   -0.22836E+00   200   0.108E+01    0.482E+00
DAV:   7    -0.220477394546E+02   -0.88177E-01   -0.44443E-01   200   0.479E+00    0.194E+00
DAV:   8    -0.220308690352E+02    0.16870E-01   -0.12503E-01   168   0.170E+00    0.771E-01
DAV:   9    -0.220374437077E+02   -0.65747E-02   -0.26240E-02   184   0.828E-01    0.304E-01
DAV:  10    -0.220393374250E+02   -0.18937E-02   -0.40899E-03   176   0.418E-01    0.107E-01
DAV:  11    -0.220397070668E+02   -0.36964E-03   -0.75943E-04   176   0.198E-01    0.451E-02
DAV:  12    -0.220398695423E+02   -0.16248E-03   -0.18930E-04   136   0.899E-02    0.211E-02
DAV:  13    -0.220399133865E+02   -0.43844E-04   -0.62995E-05   112   0.452E-02
   1 F= -.22039913E+02 E0= -.22029309E+02  d E =-.220399E+02  mag=     1.1355
 curvature:   0.00 expect dE= 0.000E+00 dE for cont linesearch  0.000E+00
 trial: gam= 0.00000 g(F)=  0.197E+00 g(S)=  0.000E+00 ort = 0.000E+00 (trialstep = 0.100E+01)
 search vector abs. value=  0.197E+00
 bond charge predicted
       N       E                     dE             d eps       ncg     rms          rms(c)
DAV:   1    -0.221901111769E+02   -0.15024E+00   -0.46428E+00   192   0.626E+00    0.365E-01
DAV:   2    -0.222107398232E+02   -0.20629E-01   -0.24353E-01   192   0.203E+00    0.155E-01
DAV:   3    -0.222104044969E+02    0.33533E-03   -0.34805E-03   184   0.320E-01    0.851E-02
DAV:   4    -0.222102414574E+02    0.16304E-03   -0.90775E-04   168   0.156E-01    0.372E-02
DAV:   5    -0.222102765798E+02   -0.35122E-04   -0.21436E-04   168   0.869E-02
   2 F= -.22210277E+02 E0= -.22199854E+02  d E =-.170363E+00  mag=     1.1394
 trial-energy change:   -0.170363  1 .order   -0.170386   -0.197304   -0.143467
 step:   3.6649(harm=  3.6649)  dis= 0.10322  next Energy=   -22.401459 (dE=-0.362E+00)
 bond charge predicted
       N       E                     dE             d eps       ncg     rms          rms(c)
DAV:   1    -0.222329580644E+02   -0.22717E-01   -0.31745E+01   208   0.165E+01    0.103E+00
DAV:   2    -0.224060714468E+02   -0.17311E+00   -0.20299E+00   192   0.545E+00    0.425E-01
DAV:   3    -0.224032469691E+02    0.28245E-02   -0.27778E-02   192   0.884E-01    0.236E-01
DAV:   4    -0.224020125322E+02    0.12344E-02   -0.66547E-03   192   0.408E-01    0.971E-02
DAV:   5    -0.224022563179E+02   -0.24379E-03   -0.15833E-03   160   0.241E-01    0.459E-02
DAV:   6    -0.224022452273E+02    0.11091E-04   -0.10763E-04   128   0.945E-02
   3 F= -.22402245E+02 E0= -.22391731E+02  d E =-.362332E+00  mag=     1.1369
 curvature:  -1.83 expect dE=-0.541E-04 dE for cont linesearch -0.541E-04
 trial: gam=-0.01208 g(F)=  0.295E-04 g(S)=  0.000E+00 ort = 0.241E-02 (trialstep = 0.153E+01)
 search vector abs. value=  0.451E-08
 reached required accuracy - stopping structural energy minimisation
