 running on    1 nodes
 distr:  one band on    1 nodes,    1 groups
 vasp.5.2.2 15Apr09 complex 
 POSCAR found type information on POSCAR  Ga As
 POSCAR found :  2 types and    8 ions
 LDA part: xc-table for Pade appr. of Perdew
 POSCAR, INCAR and KPOINTS ok, starting setup
 WARNING: small aliasing (wrap around) errors must be expected
 FFT: planning ...(           1 )
 reading WAVECAR
 entering main loop
       N       E                     dE             d eps       ncg     rms          rms(c)
DAV:   1     0.544673844962E+03    0.54467E+03   -0.24214E+04   210   0.193E+03
DAV:   2     0.631588514666E+02   -0.48151E+03   -0.46466E+03   188   0.514E+02
DAV:   3    -0.269332327974E+02   -0.90092E+02   -0.88755E+02   217   0.161E+02
DAV:   4    -0.318612644749E+02   -0.49280E+01   -0.49167E+01   224   0.427E+01
DAV:   5    -0.319361679831E+02   -0.74904E-01   -0.74882E-01   210   0.551E+00    0.145E+01
DAV:   6    -0.325833499095E+02   -0.64718E+00   -0.16966E+00   256   0.126E+01    0.556E+00
DAV:   7    -0.327334357145E+02   -0.15009E+00   -0.48581E-01   226   0.476E+00    0.213E+00
DAV:   8    -0.327165241443E+02    0.16912E-01   -0.13315E-01   216   0.154E+00    0.856E-01
DAV:   9    -0.327252513910E+02   -0.87272E-02   -0.28173E-02   217   0.843E-01    0.352E-01
DAV:  10    -0.327269938495E+02   -0.17425E-02   -0.39773E-03   232   0.411E-01    0.110E-01
DAV:  11    -0.327274627358E+02   -0.46889E-03   -0.87908E-04   209   0.195E-01    0.464E-02
DAV:  12    -0.327276861046E+02   -0.22337E-03   -0.19671E-04   160   0.828E-02    0.229E-02
DAV:  13    -0.327277556080E+02   -0.69503E-04   -0.86952E-05   153   0.455E-02
   1 F= -.32727756E+02 E0= -.32735486E+02  d E =0.231917E-01  mag=    -0.0006
