 running on    1 nodes
 distr:  one band on    1 nodes,    1 groups
 vasp.5.2.2 15Apr09 complex 
 POSCAR found type information on POSCAR  Ga As
 POSCAR found :  2 types and    7 ions
 LDA part: xc-table for Pade appr. of Perdew
 POSCAR, INCAR and KPOINTS ok, starting setup
 WARNING: small aliasing (wrap around) errors must be expected
 FFT: planning ...(           3 )
 reading WAVECAR
 entering main loop
       N       E                     dE             d eps       ncg     rms          rms(c)
DAV:   1     0.447949067648E+03    0.44795E+03   -0.20750E+04   180   0.167E+03
DAV:   2     0.503258806716E+02   -0.39762E+03   -0.37836E+03   164   0.450E+02
DAV:   3    -0.159108836152E+02   -0.66237E+02   -0.64825E+02   198   0.144E+02
DAV:   4    -0.191785953968E+02   -0.32677E+01   -0.32512E+01   200   0.373E+01
DAV:   5    -0.192363657226E+02   -0.57770E-01   -0.57742E-01   192   0.478E+00BRMIX: very serious problems
 the old and the new charge density differ
 old charge density:    59.00000 new   61.99990
    0.134E+01
DAV:   6    -0.191381464285E+02    0.98219E-01   -0.36530E+00   216   0.116E+01    0.498E+00
DAV:   7    -0.192187830061E+02   -0.80637E-01   -0.67570E-01   216   0.516E+00    0.214E+00
DAV:   8    -0.192030123098E+02    0.15771E-01   -0.12656E-01   184   0.184E+00    0.856E-01
DAV:   9    -0.192093084574E+02   -0.62961E-02   -0.26923E-02   176   0.856E-01    0.355E-01
DAV:  10    -0.192113764812E+02   -0.20680E-02   -0.45128E-03   208   0.441E-01    0.109E-01
DAV:  11    -0.192117482891E+02   -0.37181E-03   -0.73279E-04   184   0.202E-01    0.512E-02
DAV:  12    -0.192119597820E+02   -0.21149E-03   -0.23250E-04   152   0.910E-02    0.233E-02
DAV:  13    -0.192120008096E+02   -0.41028E-04   -0.65566E-05   120   0.456E-02
   1 F= -.19212001E+02 E0= -.19219731E+02  d E =-.192120E+02  mag=    -0.0001
 curvature:   0.00 expect dE= 0.000E+00 dE for cont linesearch  0.000E+00
 trial: gam= 0.00000 g(F)=  0.322E+00 g(S)=  0.000E+00 ort = 0.000E+00 (trialstep = 0.100E+01)
 search vector abs. value=  0.322E+00
 bond charge predicted
       N       E                     dE             d eps       ncg     rms          rms(c)
DAV:   1    -0.194531477145E+02   -0.24119E+00   -0.79054E+00   196   0.810E+00    0.509E-01
DAV:   2    -0.194857079646E+02   -0.32560E-01   -0.41905E-01   200   0.265E+00    0.212E-01
DAV:   3    -0.194847163707E+02    0.99159E-03   -0.61298E-03   183   0.432E-01    0.112E-01
DAV:   4    -0.194845020350E+02    0.21434E-03   -0.17185E-03   184   0.208E-01    0.293E-02
DAV:   5    -0.194845215752E+02   -0.19540E-04   -0.36003E-04   168   0.147E-01
   2 F= -.19484522E+02 E0= -.19492252E+02  d E =-.272521E+00  mag=     0.0001
 trial-energy change:   -0.272521  1 .order   -0.272144   -0.322342   -0.221946
 step:   3.2107(harm=  3.2107)  dis= 0.11558  next Energy=   -19.729472 (dE=-0.517E+00)
 bond charge predicted
       N       E                     dE             d eps       ncg     rms          rms(c)
DAV:   1    -0.195395219363E+02   -0.55020E-01   -0.36874E+01   212   0.176E+01    0.119E+00
DAV:   2    -0.197283711192E+02   -0.18885E+00   -0.24012E+00   200   0.588E+00    0.472E-01
DAV:   3    -0.197233294130E+02    0.50417E-02   -0.33549E-02   198   0.990E-01    0.258E-01
DAV:   4    -0.197219957674E+02    0.13336E-02   -0.85560E-03   198   0.460E-01    0.668E-02
DAV:   5    -0.197221112863E+02   -0.11552E-03   -0.17612E-03   166   0.316E-01    0.225E-02
DAV:   6    -0.197221106368E+02    0.64956E-06   -0.76665E-05   130   0.670E-02
   3 F= -.19722111E+02 E0= -.19729841E+02  d E =-.510110E+00  mag=     0.0002
 curvature:  -1.61 expect dE=-0.182E-03 dE for cont linesearch -0.182E-03
 trial: gam= 0.00000 g(F)=  0.113E-03 g(S)=  0.000E+00 ort =-0.604E-02 (trialstep = 0.144E+01)
 search vector abs. value=  0.113E-03
 reached required accuracy - stopping structural energy minimisation
