{
  "errors": {}, 
  "warnings": {
    "MISSING_OPTIONAL_KEY": [
      {
        "data": [
          "@xsi:type"
        ], 
        "refersTo": {
          "@idref": "tree1", 
          "@top": "trees", 
          "@treeID": "tree1", 
          "@treesID": "tree1"
        }
      }, 
      {
        "data": [
          "ot:branchLengthDescription", 
          "ot:branchLengthMode", 
          "ot:branchLengthTimeUnit", 
          "ot:curatedType", 
          "ot:outGroupEdge"
        ], 
        "refersTo": {
          "@idref": "tree1", 
          "@top": "trees", 
          "@treeID": "tree1", 
          "@treesID": "tree1"
        }
      }
    ]
  }
}
