 running on    1 nodes
 distr:  one band on    1 nodes,    1 groups
 vasp.5.2.2 15Apr09 complex 
 POSCAR found type information on POSCAR  Ga As
 POSCAR found :  2 types and    8 ions
 LDA part: xc-table for Pade appr. of Perdew
 POSCAR, INCAR and KPOINTS ok, starting setup
 WARNING: small aliasing (wrap around) errors must be expected
 FFT: planning ...(           3 )
 reading WAVECAR
 entering main loop
       N       E                     dE             d eps       ncg     rms          rms(c)
DAV:   1     0.433359257213E+03    0.43336E+03   -0.21163E+04   188   0.168E+03
DAV:   2     0.360787758146E+02   -0.39728E+03   -0.37629E+03   176   0.453E+02
DAV:   3    -0.286111436669E+02   -0.64690E+02   -0.63179E+02   196   0.142E+02
DAV:   4    -0.318581035521E+02   -0.32470E+01   -0.32251E+01   208   0.361E+01
DAV:   5    -0.319361564529E+02   -0.78053E-01   -0.78002E-01   208   0.504E+00    0.131E+01
DAV:   6    -0.328116408618E+02   -0.87548E+00   -0.13539E+00   228   0.104E+01    0.491E+00
DAV:   7    -0.329489987928E+02   -0.13736E+00   -0.40285E-01   232   0.447E+00    0.191E+00
DAV:   8    -0.329262986978E+02    0.22700E-01   -0.11973E-01   186   0.151E+00    0.777E-01
DAV:   9    -0.329287957901E+02   -0.24971E-02   -0.23217E-02   200   0.710E-01    0.282E-01
DAV:  10    -0.329299853376E+02   -0.11895E-02   -0.33593E-03   198   0.383E-01    0.104E-01
DAV:  11    -0.329302836229E+02   -0.29829E-03   -0.62968E-04   192   0.186E-01    0.442E-02
DAV:  12    -0.329304397009E+02   -0.15608E-03   -0.19815E-04   150   0.823E-02    0.189E-02
DAV:  13    -0.329304715740E+02   -0.31873E-04   -0.44712E-05   104   0.384E-02
   1 F= -.32930472E+02 E0= -.32934337E+02  d E =-.329305E+02  mag=    -0.0008
 curvature:   0.00 expect dE= 0.000E+00 dE for cont linesearch  0.000E+00
 trial: gam= 0.00000 g(F)=  0.110E+00 g(S)=  0.000E+00 ort = 0.000E+00 (trialstep = 0.100E+01)
 search vector abs. value=  0.110E+00
 bond charge predicted
       N       E                     dE             d eps       ncg     rms          rms(c)
DAV:   1    -0.329930782750E+02   -0.62639E-01   -0.21657E+00   172   0.475E+00    0.283E-01
DAV:   2    -0.330092245825E+02   -0.16146E-01   -0.17694E-01   208   0.152E+00    0.142E-01
DAV:   3    -0.330090717830E+02    0.15280E-03   -0.25690E-03   190   0.300E-01    0.910E-02
DAV:   4    -0.330089756358E+02    0.96147E-04   -0.51314E-04   176   0.125E-01
   2 F= -.33008976E+02 E0= -.33012841E+02  d E =-.785041E-01  mag=    -0.0001
 trial-energy change:   -0.078504  1 .order   -0.078745   -0.109728   -0.047762
 step:   1.7708(harm=  1.7708)  dis= 0.03719  next Energy=   -33.027623 (dE=-0.972E-01)
 bond charge predicted
       N       E                     dE             d eps       ncg     rms          rms(c)
DAV:   1    -0.330190352723E+02   -0.99635E-02   -0.13118E+00   172   0.367E+00    0.216E-01
DAV:   2    -0.330282583418E+02   -0.92231E-02   -0.10138E-01   208   0.116E+00    0.111E-01
DAV:   3    -0.330281932354E+02    0.65106E-04   -0.14821E-03   190   0.227E-01    0.717E-02
DAV:   4    -0.330281516022E+02    0.41633E-04   -0.29801E-04   176   0.981E-02
   3 F= -.33028152E+02 E0= -.33032017E+02  d E =-.976800E-01  mag=    -0.0001
 curvature:  -0.89 expect dE=-0.424E-04 dE for cont linesearch -0.424E-04
 trial: gam=-0.02045 g(F)=  0.479E-04 g(S)=  0.000E+00 ort = 0.229E-02 (trialstep = 0.115E+01)
 search vector abs. value=  0.210E-07
 reached required accuracy - stopping structural energy minimisation
