 running on    1 nodes
 distr:  one band on    1 nodes,    1 groups
 vasp.5.2.2 15Apr09 complex 
 POSCAR found type information on POSCAR  Ga As
 POSCAR found :  2 types and    8 ions
 LDA part: xc-table for Pade appr. of Perdew
 POSCAR, INCAR and KPOINTS ok, starting setup
 WARNING: small aliasing (wrap around) errors must be expected
 FFT: planning ...(           3 )
 reading WAVECAR
 entering main loop
       N       E                     dE             d eps       ncg     rms          rms(c)
DAV:   1     0.410248858044E+03    0.41025E+03   -0.20431E+04   180   0.167E+03
DAV:   2     0.272910428482E+02   -0.38296E+03   -0.36806E+03   164   0.453E+02
DAV:   3    -0.358195166624E+02   -0.63111E+02   -0.61746E+02   207   0.140E+02
DAV:   4    -0.387033267132E+02   -0.28838E+01   -0.28755E+01   200   0.350E+01
DAV:   5    -0.387559232699E+02   -0.52597E-01   -0.52580E-01   200   0.461E+00BRMIX: very serious problems
 the old and the new charge density differ
 old charge density:    64.00000 new   61.99990
    0.133E+01
DAV:   6    -0.400314329312E+02   -0.12755E+01   -0.14124E+00   239   0.105E+01    0.505E+00
DAV:   7    -0.402090750362E+02   -0.17764E+00   -0.46112E-01   215   0.459E+00    0.206E+00
DAV:   8    -0.401845604421E+02    0.24515E-01   -0.94440E-02   182   0.136E+00    0.838E-01
DAV:   9    -0.401876998652E+02   -0.31394E-02   -0.24042E-02   183   0.709E-01    0.289E-01
DAV:  10    -0.401883893622E+02   -0.68950E-03   -0.26967E-03   216   0.384E-01    0.984E-02
DAV:  11    -0.401888064413E+02   -0.41708E-03   -0.53509E-04   159   0.177E-01    0.441E-02
DAV:  12    -0.401889973835E+02   -0.19094E-03   -0.21918E-04   168   0.862E-02    0.173E-02
DAV:  13    -0.401890308299E+02   -0.33446E-04   -0.38505E-05   102   0.376E-02
   1 F= -.40189031E+02 E0= -.40196761E+02  d E =-.401890E+02  mag=    -0.0004
 curvature:   0.00 expect dE= 0.000E+00 dE for cont linesearch  0.000E+00
 trial: gam= 0.00000 g(F)=  0.238E-01 g(S)=  0.000E+00 ort = 0.000E+00 (trialstep = 0.100E+01)
 search vector abs. value=  0.238E-01
 bond charge predicted
       N       E                     dE             d eps       ncg     rms          rms(c)
DAV:   1    -0.402025412668E+02   -0.13544E-01   -0.45728E-01   168   0.217E+00    0.137E-01
DAV:   2    -0.402058625068E+02   -0.33212E-02   -0.36372E-02   198   0.703E-01    0.763E-02
DAV:   3    -0.402057853304E+02    0.77176E-04   -0.52168E-04   200   0.138E-01
   2 F= -.40205785E+02 E0= -.40213516E+02  d E =-.167545E-01  mag=     0.0001
 trial-energy change:   -0.016755  1 .order   -0.016825   -0.023848   -0.009801
 step:   1.6978(harm=  1.6978)  dis= 0.01662  next Energy=   -40.209275 (dE=-0.202E-01)
 bond charge predicted
       N       E                     dE             d eps       ncg     rms          rms(c)
DAV:   1    -0.402076446076E+02   -0.17821E-02   -0.21790E-01   168   0.148E+00    0.101E-01
DAV:   2    -0.402091683135E+02   -0.15237E-02   -0.16523E-02   198   0.471E-01    0.599E-02
DAV:   3    -0.402091444965E+02    0.23817E-04   -0.24466E-04   168   0.954E-02
   3 F= -.40209144E+02 E0= -.40216875E+02  d E =-.201137E-01  mag=    -0.0001
 curvature:  -0.85 expect dE=-0.896E-06 dE for cont linesearch -0.896E-06
 trial: gam=-0.00661 g(F)=  0.106E-05 g(S)=  0.000E+00 ort = 0.159E-03 (trialstep = 0.114E+01)
 search vector abs. value=  0.147E-09
 reached required accuracy - stopping structural energy minimisation
