 running on    1 nodes
 distr:  one band on    1 nodes,    1 groups
 vasp.5.2.2 15Apr09 complex 
 POSCAR found type information on POSCAR  Ga As
 POSCAR found :  2 types and    7 ions
 LDA part: xc-table for Pade appr. of Perdew
 POSCAR, INCAR and KPOINTS ok, starting setup
 WARNING: small aliasing (wrap around) errors must be expected
 FFT: planning ...(           1 )
 reading WAVECAR
 entering main loop
       N       E                     dE             d eps       ncg     rms          rms(c)
DAV:   1     0.439166861621E+03    0.43917E+03   -0.20733E+04   184   0.170E+03
DAV:   2     0.488986603059E+02   -0.39027E+03   -0.37364E+03   160   0.479E+02
DAV:   3    -0.189722410047E+02   -0.67871E+02   -0.66833E+02   200   0.148E+02
DAV:   4    -0.220632817927E+02   -0.30910E+01   -0.30735E+01   192   0.371E+01
DAV:   5    -0.221159920608E+02   -0.52710E-01   -0.52694E-01   184   0.483E+00BRMIX: very serious problems
 the old and the new charge density differ
 old charge density:    59.00000 new   60.99990
    0.124E+01
DAV:   6    -0.222994833895E+02   -0.18349E+00   -0.19727E+00   208   0.994E+00    0.473E+00
DAV:   7    -0.224055996532E+02   -0.10612E+00   -0.37880E-01   200   0.446E+00    0.181E+00
DAV:   8    -0.223945872652E+02    0.11012E-01   -0.93511E-02   184   0.138E+00    0.752E-01
DAV:   9    -0.224000743814E+02   -0.54871E-02   -0.21269E-02   192   0.714E-01    0.288E-01
DAV:  10    -0.224017176894E+02   -0.16433E-02   -0.33254E-03   176   0.372E-01    0.925E-02
DAV:  11    -0.224020730036E+02   -0.35531E-03   -0.62462E-04   192   0.170E-01    0.421E-02
DAV:  12    -0.224022135438E+02   -0.14054E-03   -0.18043E-04   144   0.767E-02    0.193E-02
DAV:  13    -0.224022425592E+02   -0.29015E-04   -0.42625E-05   112   0.413E-02
   1 F= -.22402243E+02 E0= -.22391724E+02  d E =-.315553E-01  mag=     1.1369
